HI-TECH Software C Compiler 

Linker command line:

--edf=C:\Program Files (x86)\HI-TECH Software\PICC\9.83\dat\en_msgs.txt -cs \
  -h+bootloader.sym -z -Q12F1822 -ol.obj -Mbootloader.map -E1 \
  -ACONST=00h-0FFhx5 -ACODE=00h-04FFh -ASTRCODE=00h-04FFh \
  -AENTRY=00h-0FFhx5 -ASTRING=00h-0FFhx5 -ABANK0=020h-06Fh \
  -ABANK1=0A0h-0BFh -ABIGRAM=02000h-0206Fh -ARAM=020h-06Fh,0A0h-0BFh \
  -AABS1=020h-07Fh,0A0h-0BFh -ACOMMON=070h-07Fh -ASFR0=00h-01Fh \
  -ASFR1=080h-09Fh -ASFR2=0100h-016Fh -ASFR3=0180h-01EFh -ASFR4=0200h-026Fh \
  -ASFR5=0280h-02EFh -ASFR6=0300h-036Fh -ASFR7=0380h-03EFh \
  -ASFR8=0400h-046Fh -ASFR9=0480h-04EFh -ASFR10=0500h-056Fh \
  -ASFR11=0580h-05EFh -ASFR12=0600h-066Fh -ASFR13=0680h-06EFh \
  -ASFR14=0700h-076Fh -ASFR15=0780h-07EFh -ASFR16=0800h-086Fh \
  -ASFR17=0880h-08EFh -ASFR18=0900h-096Fh -ASFR19=0980h-09EFh \
  -ASFR20=0A00h-0A6Fh -ASFR21=0A80h-0AEFh -ASFR22=0B00h-0B6Fh \
  -ASFR23=0B80h-0BEFh -ASFR24=0C00h-0C6Fh -ASFR25=0C80h-0CEFh \
  -ASFR26=0D00h-0D6Fh -ASFR27=0D80h-0DEFh -ASFR28=0E00h-0E6Fh \
  -ASFR29=0E80h-0EEFh -ASFR30=0F00h-0F6Fh -ASFR31=0F80h-0FEFh \
  -preset_vec=00h,intentry=04h,init,end_init -ppowerup=CODE -pfunctab=CODE \
  -ACONFIG=08007h-08008h -pconfig=CONFIG -DCONFIG=2 -AIDLOC=08000h-08003h \
  -pidloc=IDLOC -DIDLOC=2 -AEEDATA=00h-0FFh/0F000h -peeprom_data=EEDATA \
  -DEEDATA=2 -DCODE=2 -DSTRCODE=2 -DSTRING=2 -DCONST=2 -DENTRY=2 -k \
  C:\Users\AVILI_~1\AppData\Local\Temp\s6ps.obj bootloader.obj 

Object code version is 3.10

Machine type is 12F1822



                Name                               Link     Load   Length Selector   Space Scale
C:\Users\AVILI_~1\AppData\Local\Temp\s6ps.obj
                end_init                              D        D        2        8       0
                reset_vec                             0        0        1        0       0
bootloader.obj  intentry                              4        4        9        8       0
                config                             8007     8007        2    1000E       0
                text392                             46E      46E       2E      8DC       0
                text391                             4CB      4CB        C      8DC       0
                text390                             4B5      4B5       16      8DC       0
                text389                             3BA      3BA       61        8       0
                text388                             4EB      4EB        8      9D6       0
                text387                             34E      34E       6C        8       0
                text386                             49C      49C       19      8DC       0
                swtext1                             4E2      4E2        9      9C4       0
                text385                               F        F      162        8       0
                text384                             171      171       F5        8       0
                maintext                            266      266       E8        8       0
                cstackBANK0                          62       62        A       20       1
                cstackCOMMON                         70       70        C       70       1
                cstackBANK1                          A0       A0        5       A0       1
                clrtext                             4F3      4F3        6      9D6       0
                bssBANK0                             20       20       42       20       1
                bssCOMMON                            7C       7C        1       70       1
                cinit                               4D7      4D7        B      8DC       0
                strings                             41B      41B       53      836       0

TOTAL           Name                               Link     Load   Length     Space
        CLASS   CONST          
                swtext1                             4E2      4E2        9         0

        CLASS   CODE           
                end_init                              D        D        2         0
                intentry                              4        4        9         0
                reset_vec                             0        0        1         0
                text392                             46E      46E       2E         0
                text391                             4CB      4CB        C         0
                text390                             4B5      4B5       16         0
                text389                             3BA      3BA       61         0
                text388                             4EB      4EB        8         0
                text387                             34E      34E       6C         0
                text386                             49C      49C       19         0
                text385                               F        F      162         0
                text384                             171      171       F5         0
                maintext                            266      266       E8         0
                clrtext                             4F3      4F3        6         0
                cinit                               4D7      4D7        B         0

        CLASS   STRCODE        

        CLASS   ENTRY          

        CLASS   STRING         
                strings                             41B      41B       53         0

        CLASS   BANK0          
                cstackBANK0                          62       62        A         1
                bssBANK0                             20       20       42         1

        CLASS   BANK1          
                cstackBANK1                          A0       A0        5         1

        CLASS   BIGRAM         

        CLASS   RAM            

        CLASS   ABS1           
                abs_s1                               7E       7E        2         1

        CLASS   COMMON         
                cstackCOMMON                         70       70        C         1
                bssCOMMON                            7C       7C        1         1

        CLASS   SFR0           

        CLASS   SFR1           

        CLASS   SFR2           

        CLASS   SFR3           

        CLASS   SFR4           

        CLASS   SFR5           

        CLASS   SFR6           

        CLASS   SFR7           

        CLASS   SFR8           

        CLASS   SFR9           

        CLASS   SFR10          

        CLASS   SFR11          

        CLASS   SFR12          

        CLASS   SFR13          

        CLASS   SFR14          

        CLASS   SFR15          

        CLASS   SFR16          

        CLASS   SFR17          

        CLASS   SFR18          

        CLASS   SFR19          

        CLASS   SFR20          

        CLASS   SFR21          

        CLASS   SFR22          

        CLASS   SFR23          

        CLASS   SFR24          

        CLASS   SFR25          

        CLASS   SFR26          

        CLASS   SFR27          

        CLASS   SFR28          

        CLASS   SFR29          

        CLASS   SFR30          

        CLASS   SFR31          

        CLASS   CONFIG         
                config                             8007     8007        2         0

        CLASS   IDLOC          

        CLASS   EEDATA         

        CLASS   BANK31         

        CLASS   BANK30         

        CLASS   BANK29         

        CLASS   BANK28         

        CLASS   BANK27         

        CLASS   BANK26         

        CLASS   BANK25         

        CLASS   BANK24         

        CLASS   BANK23         

        CLASS   BANK22         

        CLASS   BANK21         

        CLASS   BANK20         

        CLASS   BANK19         

        CLASS   BANK18         

        CLASS   BANK17         

        CLASS   BANK16         

        CLASS   BANK15         

        CLASS   BANK14         

        CLASS   BANK13         

        CLASS   BANK12         

        CLASS   BANK11         

        CLASS   BANK10         

        CLASS   BANK9          

        CLASS   BANK8          

        CLASS   BANK7          

        CLASS   BANK6          

        CLASS   BANK5          

        CLASS   BANK4          

        CLASS   BANK3          

        CLASS   BANK2          



SEGMENTS        Name                           Load    Length   Top    Selector   Space  Class     Delta

                reset_vec                      000000  000001  000001         0       0  CODE        2
                intentry                       000004  000417  00041B         8       0  CODE        2
                bssBANK0                       000020  00004C  00006C        20       1  BANK0       1
                cstackCOMMON                   000070  00000D  00007D        70       1  COMMON      1
                cstackBANK1                    0000A0  000005  0000A5        A0       1  BANK1       1
                strings                        00041B  000053  00046E       836       0  STRING      2
                text392                        00046E  000074  0004E2       8DC       0  CODE        2
                swtext1                        0004E2  000009  0004EB       9C4       0  CONST       2
                text388                        0004EB  00000E  0004F9       9D6       0  CODE        2
                config                         008007  000002  008009     1000E       0  CONFIG      2


UNUSED ADDRESS RANGES

        Name                Unused          Largest block    Delta
        BANK0            0006C-0006F               4           1
        BANK1            000A5-000BF              1B           1
        BIGRAM           02000-0206F              70           1
        CODE             00001-00003               3           2
                         004F9-004FF               7
        COMMON           0007D-0007D               1           1
        CONST            00001-00003               3           2
                         004F9-004FF               7
        EEDATA           0F000-0F0FF             100           2
        ENTRY            00001-00003               3           2
                         004F9-004FF               7
        IDLOC            08000-08003               4           2
        RAM              0006C-0006F               4           1
                         000A5-000BF              1B
        SFR0             00000-0001F              20           1
        SFR1             00080-0009F              20           1
        SFR10            00500-0056F              70           1
        SFR11            00580-005EF              70           1
        SFR12            00600-0066F              70           1
        SFR13            00680-006EF              70           1
        SFR14            00700-0076F              70           1
        SFR15            00780-007EF              70           1
        SFR16            00800-0086F              70           1
        SFR17            00880-008EF              70           1
        SFR18            00900-0096F              70           1
        SFR19            00980-009EF              70           1
        SFR2             00100-0016F              70           1
        SFR20            00A00-00A6F              70           1
        SFR21            00A80-00AEF              70           1
        SFR22            00B00-00B6F              70           1
        SFR23            00B80-00BEF              70           1
        SFR24            00C00-00C6F              70           1
        SFR25            00C80-00CEF              70           1
        SFR26            00D00-00D6F              70           1
        SFR27            00D80-00DEF              70           1
        SFR28            00E00-00E6F              70           1
        SFR29            00E80-00EEF              70           1
        SFR3             00180-001EF              70           1
        SFR30            00F00-00F6F              70           1
        SFR31            00F80-00FEF              70           1
        SFR4             00200-0026F              70           1
        SFR5             00280-002EF              70           1
        SFR6             00300-0036F              70           1
        SFR7             00380-003EF              70           1
        SFR8             00400-0046F              70           1
        SFR9             00480-004EF              70           1
        STRCODE          00001-00003               3           2
                         004F9-004FF               7
        STRING           00001-00003               3           2
                         004F9-004FF               7

                                  Symbol Table

??___awdiv                cstackCOMMON 00075
??_decodeHexFile          cstackBANK0  00062
??_get232                 cstackCOMMON 00071
??_goFlashage             cstackCOMMON 00071
??_hexToInt               cstackCOMMON 00071
??_interruptFct           cstackCOMMON 00070
??_litOctetStart          cstackCOMMON 00071
??_main                   cstackBANK0  0006B
??_put232                 cstackCOMMON 00072
??_putc232                cstackCOMMON 00071
??_xmodem_receive         cstackBANK0  00066
?___awdiv                 cstackCOMMON 00071
?_decodeHexFile           cstackCOMMON 00070
?_get232                  cstackCOMMON 00070
?_goFlashage              cstackCOMMON 00070
?_hexToInt                cstackCOMMON 00070
?_interruptFct            cstackCOMMON 00070
?_litOctetStart           cstackCOMMON 00070
?_main                    cstackCOMMON 00070
?_put232                  cstackCOMMON 00070
?_putc232                 cstackCOMMON 00070
?_xmodem_receive          cstackCOMMON 00070
_ANSELA                   (abs)        0018C
_BRG16                    (abs)        00CFB
_BRGH                     (abs)        00CF2
_CARRY                    (abs)        00018
_CFGS                     (abs)        00CAE
_CREN                     (abs)        00CEC
_EEADR                    (abs)        00191
_EEADRL                   (abs)        00191
_EECON1                   (abs)        00195
_EECON2                   (abs)        00196
_EEDAT                    (abs)        00193
_EEDATA                   (abs)        00193
_EEDATL                   (abs)        00193
_EEPGD                    (abs)        00CAF
_FREE                     (abs)        00CAC
_GIE                      (abs)        0005F
_HFIOFS                   (abs)        004D0
_LATA5                    (abs)        00865
_LWLO                     (abs)        00CAD
_OSCCON                   (abs)        00099
_PEIE                     (abs)        0005E
_RA5                      (abs)        00065
_RCIF                     (abs)        0008D
_RCREG                    (abs)        00199
_RD                       (abs)        00CA8
_RXDTSEL                  (abs)        008EF
_SPBRG                    (abs)        0019B
_SPEN                     (abs)        00CEF
_SYNC                     (abs)        00CF4
_TRISA                    (abs)        0008C
_TRISA1                   (abs)        00461
_TXCKSEL                  (abs)        008EA
_TXEN                     (abs)        00CF5
_TXIF                     (abs)        0008C
_TXREG                    (abs)        0019A
_WR                       (abs)        00CA9
_WREN                     (abs)        00CAA
__Habs1                   abs1         00000
__Hbank0                  bank0        00000
__Hbank1                  bank1        00000
__Hbank10                 bank10       00000
__Hbank11                 bank11       00000
__Hbank12                 bank12       00000
__Hbank13                 bank13       00000
__Hbank14                 bank14       00000
__Hbank15                 bank15       00000
__Hbank16                 bank16       00000
__Hbank17                 bank17       00000
__Hbank18                 bank18       00000
__Hbank19                 bank19       00000
__Hbank2                  bank2        00000
__Hbank20                 bank20       00000
__Hbank21                 bank21       00000
__Hbank22                 bank22       00000
__Hbank23                 bank23       00000
__Hbank24                 bank24       00000
__Hbank25                 bank25       00000
__Hbank26                 bank26       00000
__Hbank27                 bank27       00000
__Hbank28                 bank28       00000
__Hbank29                 bank29       00000
__Hbank3                  bank3        00000
__Hbank30                 bank30       00000
__Hbank31                 bank31       00000
__Hbank4                  bank4        00000
__Hbank5                  bank5        00000
__Hbank6                  bank6        00000
__Hbank7                  bank7        00000
__Hbank8                  bank8        00000
__Hbank9                  bank9        00000
__Hbigram                 bigram       00000
__HbssBANK0               bssBANK0     00000
__HbssCOMMON              bssCOMMON    00000
__Hcinit                  cinit        00000
__Hclrtext                clrtext      00000
__Hcode                   code         00000
__Hcommon                 common       00000
__Hconfig                 config       08009
__HcstackBANK0            cstackBANK0  00000
__HcstackBANK1            cstackBANK1  00000
__HcstackCOMMON           cstackCOMMON 00000
__Heeprom_data            eeprom_data  00000
__Hend_init               end_init     0000F
__Hfunctab                functab      00000
__Hidloc                  idloc        00000
__Hinit                   init         0000D
__Hintentry               intentry     0000D
__Hmaintext               maintext     00000
__Hpowerup                powerup      00000
__Hram                    ram          00000
__Hreset_vec              reset_vec    00001
__Hsfr0                   sfr0         00000
__Hsfr1                   sfr1         00000
__Hsfr10                  sfr10        00000
__Hsfr11                  sfr11        00000
__Hsfr12                  sfr12        00000
__Hsfr13                  sfr13        00000
__Hsfr14                  sfr14        00000
__Hsfr15                  sfr15        00000
__Hsfr16                  sfr16        00000
__Hsfr17                  sfr17        00000
__Hsfr18                  sfr18        00000
__Hsfr19                  sfr19        00000
__Hsfr2                   sfr2         00000
__Hsfr20                  sfr20        00000
__Hsfr21                  sfr21        00000
__Hsfr22                  sfr22        00000
__Hsfr23                  sfr23        00000
__Hsfr24                  sfr24        00000
__Hsfr25                  sfr25        00000
__Hsfr26                  sfr26        00000
__Hsfr27                  sfr27        00000
__Hsfr28                  sfr28        00000
__Hsfr29                  sfr29        00000
__Hsfr3                   sfr3         00000
__Hsfr30                  sfr30        00000
__Hsfr31                  sfr31        00000
__Hsfr4                   sfr4         00000
__Hsfr5                   sfr5         00000
__Hsfr6                   sfr6         00000
__Hsfr7                   sfr7         00000
__Hsfr8                   sfr8         00000
__Hsfr9                   sfr9         00000
__Hstrings                strings      00000
__Htext                   text         00000
__Labs1                   abs1         00000
__Lbank0                  bank0        00000
__Lbank1                  bank1        00000
__Lbank10                 bank10       00000
__Lbank11                 bank11       00000
__Lbank12                 bank12       00000
__Lbank13                 bank13       00000
__Lbank14                 bank14       00000
__Lbank15                 bank15       00000
__Lbank16                 bank16       00000
__Lbank17                 bank17       00000
__Lbank18                 bank18       00000
__Lbank19                 bank19       00000
__Lbank2                  bank2        00000
__Lbank20                 bank20       00000
__Lbank21                 bank21       00000
__Lbank22                 bank22       00000
__Lbank23                 bank23       00000
__Lbank24                 bank24       00000
__Lbank25                 bank25       00000
__Lbank26                 bank26       00000
__Lbank27                 bank27       00000
__Lbank28                 bank28       00000
__Lbank29                 bank29       00000
__Lbank3                  bank3        00000
__Lbank30                 bank30       00000
__Lbank31                 bank31       00000
__Lbank4                  bank4        00000
__Lbank5                  bank5        00000
__Lbank6                  bank6        00000
__Lbank7                  bank7        00000
__Lbank8                  bank8        00000
__Lbank9                  bank9        00000
__Lbigram                 bigram       00000
__LbssBANK0               bssBANK0     00000
__LbssCOMMON              bssCOMMON    00000
__Lcinit                  cinit        00000
__Lclrtext                clrtext      00000
__Lcode                   code         00000
__Lcommon                 common       00000
__Lconfig                 config       08007
__LcstackBANK0            cstackBANK0  00000
__LcstackBANK1            cstackBANK1  00000
__LcstackCOMMON           cstackCOMMON 00000
__Leeprom_data            eeprom_data  00000
__Lend_init               end_init     0000D
__Lfunctab                functab      00000
__Lidloc                  idloc        00000
__Linit                   init         0000D
__Lintentry               intentry     00004
__Lmaintext               maintext     00000
__Lpowerup                powerup      00000
__Lram                    ram          00000
__Lreset_vec              reset_vec    00000
__Lsfr0                   sfr0         00000
__Lsfr1                   sfr1         00000
__Lsfr10                  sfr10        00000
__Lsfr11                  sfr11        00000
__Lsfr12                  sfr12        00000
__Lsfr13                  sfr13        00000
__Lsfr14                  sfr14        00000
__Lsfr15                  sfr15        00000
__Lsfr16                  sfr16        00000
__Lsfr17                  sfr17        00000
__Lsfr18                  sfr18        00000
__Lsfr19                  sfr19        00000
__Lsfr2                   sfr2         00000
__Lsfr20                  sfr20        00000
__Lsfr21                  sfr21        00000
__Lsfr22                  sfr22        00000
__Lsfr23                  sfr23        00000
__Lsfr24                  sfr24        00000
__Lsfr25                  sfr25        00000
__Lsfr26                  sfr26        00000
__Lsfr27                  sfr27        00000
__Lsfr28                  sfr28        00000
__Lsfr29                  sfr29        00000
__Lsfr3                   sfr3         00000
__Lsfr30                  sfr30        00000
__Lsfr31                  sfr31        00000
__Lsfr4                   sfr4         00000
__Lsfr5                   sfr5         00000
__Lsfr6                   sfr6         00000
__Lsfr7                   sfr7         00000
__Lsfr8                   sfr8         00000
__Lsfr9                   sfr9         00000
__Lstrings                strings      00000
__Ltext                   text         00000
__S0                      (abs)        08009
__S1                      (abs)        000A5
__S2                      (abs)        00000
___awdiv                  text387      0034E
___awdiv@counter          cstackCOMMON 00076
___awdiv@dividend         cstackCOMMON 00073
___awdiv@divisor          cstackCOMMON 00071
___awdiv@quotient         cstackCOMMON 00078
___awdiv@sign             cstackCOMMON 00077
__end_of___awdiv          text387      003BA
__end_of_decodeHexFile    text385      00171
__end_of_get232           text392      0049C
__end_of_goFlashage       text389      0041B
__end_of_hexToInt         text390      004CB
__end_of_interruptFct     intentry     0000D
__end_of_litOctetStart    text388      004F3
__end_of_main             maintext     0034E
__end_of_put232           text386      004B5
__end_of_putc232          text391      004D7
__end_of_xmodem_receive   text384      00266
__pbssBANK0               bssBANK0     00020
__pbssCOMMON              bssCOMMON    0007C
__pcstackBANK0            cstackBANK0  00062
__pcstackBANK1            cstackBANK1  000A0
__pcstackCOMMON           cstackCOMMON 00070
__pintentry               intentry     00004
__pmaintext               maintext     00266
__pstrings                strings      0041B
__pswtext1                swtext1      004E2
__ptext384                text384      00171
__ptext385                text385      0000F
__ptext386                text386      0049C
__ptext387                text387      0034E
__ptext388                text388      004EB
__ptext389                text389      003BA
__ptext390                text390      004B5
__ptext391                text391      004CB
__ptext392                text392      0046E
__size_of___awdiv         (abs)        00000
__size_of_decodeHexFile   (abs)        00000
__size_of_get232          (abs)        00000
__size_of_goFlashage      (abs)        00000
__size_of_hexToInt        (abs)        00000
__size_of_interruptFct    (abs)        00000
__size_of_litOctetStart   (abs)        00000
__size_of_main            (abs)        00000
__size_of_put232          (abs)        00000
__size_of_putc232         (abs)        00000
__size_of_xmodem_receive  (abs)        00000
__stringtab               strings      0041B
_address                  bssBANK0     00054
_counter                  bssBANK0     0005A
_cptInterne               bssCOMMON    0007C
_data                     bssBANK0     00060
_decodeHexFile            text385      0000F
_exit                     init         0000D
_get232                   text392      0046E
_goFlashage               text389      003BA
_hexToInt                 text390      004B5
_iAdresseBase             bssBANK0     00056
_iData                    bssBANK0     00058
_iTabData                 bssBANK0     00020
_interruptFct             intentry     00004
_litOctetStart            text388      004EB
_main                     maintext     00266
_nbData                   bssBANK0     0005B
_nbToReceive              bssBANK0     0005C
_put232                   text386      0049C
_putc232                  text391      004CB
_received                 bssBANK0     00061
_recordType               bssBANK0     0005D
_retourXReceive           bssBANK0     0005E
_state                    bssBANK0     0005F
_xmodem_receive           text384      00171
btemp                     (abs)        0007E
clear_ram                 clrtext      004F3
decodeHexFile@newChar     cstackCOMMON 0007B
decodeHexFile@retour      cstackCOMMON 0007A
end_of_initialization     cinit        004E0
get232@pData              cstackCOMMON 00072
get232@timeout            cstackCOMMON 00073
goFlashage@index          cstackCOMMON 00075
hexToInt@hexC             cstackCOMMON 00073
hexToInt@retour           cstackCOMMON 00072
intlevel0                 functab      00000
intlevel1                 functab      00000
intlevel2                 functab      00000
intlevel3                 functab      00000
intlevel4                 functab      00000
intlevel5                 functab      00000
main@i                    cstackBANK1  000A2
main@secuUpdate           cstackBANK1  000A4
main@tempoBoot            cstackBANK1  000A0
put232@pData              cstackCOMMON 00073
putc232@data              cstackCOMMON 00071
reset_vec                 reset_vec    00000
start                     init         0000D
start_initialization      cinit        004D7
wtemp0                    (abs)        0007E
xmodem_receive@index      cstackBANK0  00067
xmodem_receive@loop       cstackBANK0  0006A
xmodem_receive@onContinue cstackBANK0  00069
