

HI-TECH Software PIC LITE Macro Assembler V9.83 build 10920 
                                                                                               Tue Apr 02 23:47:41 2013

HI-TECH Software Omniscient Code Generator (Lite mode) build 10920
     1  0000                     opt subtitle "HI-TECH Software Omniscient Code Generator (Lite mode) build 10920"
     2                           
     3                           opt pagewidth 120
     4                           
     5                           	opt lm
     6                           
     7                           	processor	12LF1822
     8                           clrc	macro
     9                           	bcf	3,0
    10  0000                     	endm
    11                           clrz	macro
    12                           	bcf	3,2
    13  0000                     	endm
    14                           setc	macro
    15                           	bsf	3,0
    16  0000                     	endm
    17                           setz	macro
    18                           	bsf	3,2
    19  0000                     	endm
    20                           skipc	macro
    21                           	btfss	3,0
    22  0000                     	endm
    23                           skipz	macro
    24                           	btfss	3,2
    25  0000                     	endm
    26                           skipnc	macro
    27                           	btfsc	3,0
    28  0000                     	endm
    29                           skipnz	macro
    30                           	btfsc	3,2
    31  0000                     	endm
    32  0000                     indf	equ	0
    33  0000                     indf0	equ	0
    34  0001                     indf1	equ	1
    35  0002                     pc	equ	2
    36  0002                     pcl	equ	2
    37  0003                     status	equ	3
    38  0004                     fsr0l	equ	4
    39  0005                     fsr0h	equ	5
    40  0006                     fsr1l	equ	6
    41  0007                     fsr1h	equ	7
    42  0008                     bsr	equ	8
    43  0009                     wreg	equ	9
    44  000B                     intcon	equ	11
    45  0001                     c	equ	1
    46  0000                     z	equ	0
    47  000A                     pclath	equ	10
    48                           	FNCALL	_main,_litOctetStart
    49                           	FNCALL	_main,_ecritOctetStart
    50                           	FNROOT	_main
    51                           	FNCALL	_interruptFct,_rebootEnBootloader
    52                           	FNCALL	_rebootEnBootloader,i1_ecritOctetStart
    53                           	FNCALL	intlevel1,_interruptFct
    54                           	global	intlevel1
    55                           	FNROOT	intlevel1
    56                           	global	_cmd_reboot
    57                           	global	_received
    58                           psect	idataBANK0,class=CODE,space=0,delta=2
    59                           global __pidataBANK0
    60  0639                     __pidataBANK0:
    61                           	file	"C:\Users\avili_000\Dropbox\rpi yad\carte home automation\pic\appliEdx\main.c"
    62                           	line	19
    63                           
    64                           ;initializer for _cmd_reboot
    65  0639  3459               	retlw	059h
    66  063A  3441               	retlw	041h
    67  063B  3444               	retlw	044h
    68  063C  344F               	retlw	04Fh
    69  063D  344D               	retlw	04Dh
    70  063E  3400               	retlw	0
    71                           psect	idataCOMMON,class=CODE,space=0,delta=2
    72                           global __pidataCOMMON
    73  063F                     __pidataCOMMON:
    74                           	line	12
    75                           
    76                           ;initializer for _received
    77  063F  3479               	retlw	079h
    78                           	global	_compteur
    79                           	global	_cptReboot
    80                           	global	_voieActive
    81                           	global	_PORTA
    82  000C                     _PORTA	set	12
    83                           	global	_CARRY
    84  0018                     _CARRY	set	24
    85                           	global	_GIE
    86  005F                     _GIE	set	95
    87                           	global	_IOCIE
    88  005B                     _IOCIE	set	91
    89                           	global	_PEIE
    90  005E                     _PEIE	set	94
    91                           	global	_RA2
    92  0062                     _RA2	set	98
    93                           	global	_RA4
    94  0064                     _RA4	set	100
    95                           	global	_RA5
    96  0065                     _RA5	set	101
    97                           	global	_RCIF
    98  008D                     _RCIF	set	141
    99                           	global	_OPTION_REG
   100  0095                     _OPTION_REG	set	149
   101                           	global	_TRISA
   102  008C                     _TRISA	set	140
   103                           	global	_RCIE
   104  048D                     _RCIE	set	1165
   105                           	global	_TRISA0
   106  0460                     _TRISA0	set	1120
   107                           	global	_TRISA5
   108  0465                     _TRISA5	set	1125
   109                           	global	_LATA0
   110  0860                     _LATA0	set	2144
   111                           	global	_LATA5
   112  0865                     _LATA5	set	2149
   113                           	global	_RXDTSEL
   114  08EF                     _RXDTSEL	set	2287
   115                           	global	_SDOSEL
   116  08EE                     _SDOSEL	set	2286
   117                           	global	_T1GSEL
   118  08EB                     _T1GSEL	set	2283
   119                           	global	_TXCKSEL
   120  08EA                     _TXCKSEL	set	2282
   121                           	global	_EEADR
   122  0191                     _EEADR	set	401
   123                           	global	_EEADRL
   124  0191                     _EEADRL	set	401
   125                           	global	_EECON1
   126  0195                     _EECON1	set	405
   127                           	global	_EECON2
   128  0196                     _EECON2	set	406
   129                           	global	_EEDATA
   130  0193                     _EEDATA	set	403
   131                           	global	_EEDATL
   132  0193                     _EEDATL	set	403
   133                           	global	_RCREG
   134  0199                     _RCREG	set	409
   135                           	global	_SPBRGH
   136  019C                     _SPBRGH	set	412
   137                           	global	_SPBRGL
   138  019B                     _SPBRGL	set	411
   139                           	global	_BRG16
   140  0CFB                     _BRG16	set	3323
   141                           	global	_BRGH
   142  0CF2                     _BRGH	set	3314
   143                           	global	_CFGS
   144  0CAE                     _CFGS	set	3246
   145                           	global	_CREN
   146  0CEC                     _CREN	set	3308
   147                           	global	_EEPGD
   148  0CAF                     _EEPGD	set	3247
   149                           	global	_FERR
   150  0CEA                     _FERR	set	3306
   151                           	global	_OERR
   152  0CE9                     _OERR	set	3305
   153                           	global	_RD
   154  0CA8                     _RD	set	3240
   155                           	global	_SPEN
   156  0CEF                     _SPEN	set	3311
   157                           	global	_TXEN
   158  0CF5                     _TXEN	set	3317
   159                           	global	_WR
   160  0CA9                     _WR	set	3241
   161                           	global	_WREN
   162  0CAA                     _WREN	set	3242
   163                           	global	_WPUA
   164  020C                     _WPUA	set	524
   165                           	global	_SSPEN
   166  10AD                     _SSPEN	set	4269
   167                           	global	_IOCAF
   168  0393                     _IOCAF	set	915
   169                           	global	_IOCAN
   170  0392                     _IOCAN	set	914
   171                           	global	_IOCAP
   172  0391                     _IOCAP	set	913
   173                           	global	_IOCAF2
   174  1C9A                     _IOCAF2	set	7322
   175                           	global	_IOCAF4
   176  1C9C                     _IOCAF4	set	7324
   177                           	file	"C:\Users\AVILI_~1\AppData\Local\Temp\s5p0."
   178                           	line	#
   179                           psect cinit,class=CODE,delta=2
   180                           global start_initialization
   181  05F1                     start_initialization:
   182                           
   183                           psect	bssCOMMON,class=COMMON,space=1
   184                           global __pbssCOMMON
   185  0070                     __pbssCOMMON:
   186  0070                     _compteur:
   187  0070                            ds      4
   188                           
   189  0074                     _cptReboot:
   190  0074                            ds      1
   191                           
   192  0075                     _voieActive:
   193  0075                            ds      1
   194                           
   195                           psect	dataCOMMON,class=COMMON,space=1
   196                           global __pdataCOMMON
   197  007A                     __pdataCOMMON:
   198                           	file	"C:\Users\avili_000\Dropbox\rpi yad\carte home automation\pic\appliEdx\main.c"
   199  007A                     _received:
   200  007A                            ds      1
   201                           
   202                           psect	dataBANK0,class=BANK0,space=1
   203                           global __pdataBANK0
   204  0020                     __pdataBANK0:
   205                           	file	"C:\Users\avili_000\Dropbox\rpi yad\carte home automation\pic\appliEdx\main.c"
   206                           	line	19
   207  0020                     _cmd_reboot:
   208  0020                            ds      6
   209                           
   210                           ; Clear objects allocated to COMMON
   211                           psect cinit,class=CODE,delta=2
   212                           	global __pbssCOMMON
   213  05F1  01F0               	clrf	((__pbssCOMMON)+0)&07Fh
   214  05F2  01F1               	clrf	((__pbssCOMMON)+1)&07Fh
   215  05F3  01F2               	clrf	((__pbssCOMMON)+2)&07Fh
   216  05F4  01F3               	clrf	((__pbssCOMMON)+3)&07Fh
   217  05F5  01F4               	clrf	((__pbssCOMMON)+4)&07Fh
   218  05F6  01F5               	clrf	((__pbssCOMMON)+5)&07Fh
   219                           ; Initialize objects allocated to COMMON
   220                           	global __pidataCOMMON,__pdataCOMMON
   221                           psect cinit,class=CODE,delta=2
   222  05F7  3186  263F  3185   	fcall	__pidataCOMMON+0		;fetch initializer
   223  05FA  00FA               	movwf	__pdataCOMMON+0&07fh		
   224                           ; Initialize objects allocated to BANK0
   225                           	global __pidataBANK0,__pdataBANK0
   226                           psect cinit,class=CODE,delta=2
   227  05FB  3039               	movlw low(__pidataBANK0)
   228  05FC  0084               	movwf fsr0l
   229  05FD  3086               	movlw high(__pidataBANK0)|80h
   230  05FE  0085               	movwf fsr0h
   231  05FF  0012               	moviw fsr0++
   232  0600  00A0               	movwf (__pdataBANK0+0)&07Fh
   233  0601  0012               	moviw fsr0++
   234  0602  00A1               	movwf (__pdataBANK0+1)&07Fh
   235  0603  0012               	moviw fsr0++
   236  0604  00A2               	movwf (__pdataBANK0+2)&07Fh
   237  0605  0012               	moviw fsr0++
   238  0606  00A3               	movwf (__pdataBANK0+3)&07Fh
   239  0607  0012               	moviw fsr0++
   240  0608  00A4               	movwf (__pdataBANK0+4)&07Fh
   241  0609  0012               	moviw fsr0++
   242  060A  00A5               	movwf (__pdataBANK0+5)&07Fh
   243                           psect cinit,class=CODE,delta=2
   244                           global end_of_initialization
   245                           
   246                           ;End of C runtime variable initialization code
   247                           
   248  060B                     end_of_initialization:
   249  060B  0020               movlb 0
   250  060C  2DA5               ljmp _main	;jump to C main() function
   251                           psect	cstackCOMMON,class=COMMON,space=1
   252                           global __pcstackCOMMON
   253  0076                     __pcstackCOMMON:
   254                           	global	?_rebootEnBootloader
   255  0076                     ?_rebootEnBootloader:	; 0 bytes @ 0x0
   256                           	global	?_interruptFct
   257  0076                     ?_interruptFct:	; 0 bytes @ 0x0
   258                           	global	?_ecritOctetStart
   259  0076                     ?_ecritOctetStart:	; 0 bytes @ 0x0
   260                           	global	?_main
   261  0076                     ?_main:	; 0 bytes @ 0x0
   262                           	global	?i1_ecritOctetStart
   263  0076                     ?i1_ecritOctetStart:	; 0 bytes @ 0x0
   264                           	global	??i1_ecritOctetStart
   265  0076                     ??i1_ecritOctetStart:	; 0 bytes @ 0x0
   266                           	global	?_litOctetStart
   267  0076                     ?_litOctetStart:	; 1 bytes @ 0x0
   268                           	global	i1ecritOctetStart@valeur
   269  0076                     i1ecritOctetStart@valeur:	; 1 bytes @ 0x0
   270  0076                     	ds	1
   271                           	global	??_rebootEnBootloader
   272  0077                     ??_rebootEnBootloader:	; 0 bytes @ 0x1
   273                           	global	??_interruptFct
   274  0077                     ??_interruptFct:	; 0 bytes @ 0x1
   275  0077                     	ds	2
   276                           	global	??_ecritOctetStart
   277  0079                     ??_ecritOctetStart:	; 0 bytes @ 0x3
   278                           	global	??_litOctetStart
   279  0079                     ??_litOctetStart:	; 0 bytes @ 0x3
   280                           	global	ecritOctetStart@valeur
   281  0079                     ecritOctetStart@valeur:	; 1 bytes @ 0x3
   282  0079                     	ds	1
   283                           psect	cstackBANK0,class=BANK0,space=1
   284                           global __pcstackBANK0
   285  0026                     __pcstackBANK0:
   286                           	global	??_main
   287  0026                     ??_main:	; 0 bytes @ 0x0
   288  0026                     	ds	1
   289                           	global	main@reponse
   290  0027                     main@reponse:	; 1 bytes @ 0x1
   291  0027                     	ds	1
   292 ;;Data sizes: Strings 0, constant 0, data 7, bss 6, persistent 0 stack 0
   293 ;;Auto spaces:   Size  Autos    Used
   294 ;; COMMON          14      4      11
   295 ;; BANK0           80      2       8
   296 ;; BANK1           32      0       0
   297                           
   298 ;;
   299 ;; Pointer list with targets:
   300                           
   301                           
   302                           
   303 ;;
   304 ;; Critical Paths under _main in COMMON
   305 ;;
   306 ;;   _main->_ecritOctetStart
   307 ;;
   308 ;; Critical Paths under _interruptFct in COMMON
   309 ;;
   310 ;;   _rebootEnBootloader->i1_ecritOctetStart
   311 ;;
   312 ;; Critical Paths under _main in BANK0
   313 ;;
   314 ;;   None.
   315 ;;
   316 ;; Critical Paths under _interruptFct in BANK0
   317 ;;
   318 ;;   None.
   319 ;;
   320 ;; Critical Paths under _main in BANK1
   321 ;;
   322 ;;   None.
   323 ;;
   324 ;; Critical Paths under _interruptFct in BANK1
   325 ;;
   326 ;;   None.
   327                           
   328 ;;
   329 ;;Main: autosize = 0, tempsize = 1, incstack = 0, save=0
   330 ;;
   331                           
   332 ;;
   333 ;;Call Graph Tables:
   334 ;;
   335 ;; ---------------------------------------------------------------------------------
   336 ;; (Depth) Function   	        Calls       Base Space   Used Autos Params    Refs
   337 ;; ---------------------------------------------------------------------------------
   338 ;; (0) _main                                                 7     7      0      23
   339 ;;                                              0 BANK0      2     2      0
   340 ;;                      _litOctetStart
   341 ;;                    _ecritOctetStart
   342 ;; ---------------------------------------------------------------------------------
   343 ;; (1) _litOctetStart                                        0     0      0       0
   344 ;; ---------------------------------------------------------------------------------
   345 ;; (1) _ecritOctetStart                                      1     1      0      22
   346 ;;                                              3 COMMON     1     1      0
   347 ;; ---------------------------------------------------------------------------------
   348 ;; Estimated maximum stack depth 1
   349 ;; ---------------------------------------------------------------------------------
   350 ;; (Depth) Function   	        Calls       Base Space   Used Autos Params    Refs
   351 ;; ---------------------------------------------------------------------------------
   352 ;; (2) _interruptFct                                         2     2      0      73
   353 ;;                                              1 COMMON     2     2      0
   354 ;;                 _rebootEnBootloader
   355 ;; ---------------------------------------------------------------------------------
   356 ;; (3) _rebootEnBootloader                                   0     0      0      73
   357 ;;                  i1_ecritOctetStart
   358 ;; ---------------------------------------------------------------------------------
   359 ;; (4) i1_ecritOctetStart                                    1     1      0      73
   360 ;;                                              0 COMMON     1     1      0
   361 ;; ---------------------------------------------------------------------------------
   362 ;; Estimated maximum stack depth 4
   363 ;; ---------------------------------------------------------------------------------
   364                           
   365 ;; Call Graph Graphs:
   366                           
   367 ;; _main (ROOT)
   368 ;;   _litOctetStart
   369 ;;   _ecritOctetStart
   370 ;;
   371 ;; _interruptFct (ROOT)
   372 ;;   _rebootEnBootloader
   373 ;;     i1_ecritOctetStart
   374 ;;
   375                           
   376 ;; Address spaces:
   377                           
   378 ;;Name               Size   Autos  Total    Cost      Usage
   379 ;;BIGRAM              70      0       0       0        0.0%
   380 ;;EEDATA             100      0       0       0        0.0%
   381 ;;NULL                 0      0       0       0        0.0%
   382 ;;CODE                 0      0       0       0        0.0%
   383 ;;BITCOMMON            E      0       0       1        0.0%
   384 ;;BITSFR0              0      0       0       1        0.0%
   385 ;;SFR0                 0      0       0       1        0.0%
   386 ;;COMMON               E      4       B       2       78.6%
   387 ;;BITSFR1              0      0       0       2        0.0%
   388 ;;SFR1                 0      0       0       2        0.0%
   389 ;;BITSFR2              0      0       0       3        0.0%
   390 ;;SFR2                 0      0       0       3        0.0%
   391 ;;STACK                0      0       7       3        0.0%
   392 ;;BITSFR3              0      0       0       4        0.0%
   393 ;;SFR3                 0      0       0       4        0.0%
   394 ;;ABS                  0      0      13       4        0.0%
   395 ;;BITBANK0            50      0       0       5        0.0%
   396 ;;BITSFR4              0      0       0       5        0.0%
   397 ;;SFR4                 0      0       0       5        0.0%
   398 ;;BANK0               50      2       8       6       10.0%
   399 ;;BITSFR5              0      0       0       6        0.0%
   400 ;;SFR5                 0      0       0       6        0.0%
   401 ;;BITBANK1            20      0       0       7        0.0%
   402 ;;BITSFR6              0      0       0       7        0.0%
   403 ;;SFR6                 0      0       0       7        0.0%
   404 ;;BANK1               20      0       0       8        0.0%
   405 ;;BITSFR7              0      0       0       8        0.0%
   406 ;;SFR7                 0      0       0       8        0.0%
   407 ;;BITSFR8              0      0       0       9        0.0%
   408 ;;SFR8                 0      0       0       9        0.0%
   409 ;;DATA                 0      0      1A       9        0.0%
   410 ;;BITSFR9              0      0       0      10        0.0%
   411 ;;SFR9                 0      0       0      10        0.0%
   412 ;;BITSFR10             0      0       0      11        0.0%
   413 ;;SFR10                0      0       0      11        0.0%
   414 ;;BITSFR11             0      0       0      12        0.0%
   415 ;;SFR11                0      0       0      12        0.0%
   416 ;;BITSFR12             0      0       0      13        0.0%
   417 ;;SFR12                0      0       0      13        0.0%
   418 ;;BITSFR13             0      0       0      14        0.0%
   419 ;;SFR13                0      0       0      14        0.0%
   420 ;;BITSFR14             0      0       0      15        0.0%
   421 ;;SFR14                0      0       0      15        0.0%
   422 ;;BITSFR15             0      0       0      16        0.0%
   423 ;;SFR15                0      0       0      16        0.0%
   424 ;;BITSFR16             0      0       0      17        0.0%
   425 ;;SFR16                0      0       0      17        0.0%
   426 ;;BITSFR17             0      0       0      18        0.0%
   427 ;;SFR17                0      0       0      18        0.0%
   428 ;;BITSFR18             0      0       0      19        0.0%
   429 ;;SFR18                0      0       0      19        0.0%
   430 ;;BITSFR19             0      0       0      20        0.0%
   431 ;;SFR19                0      0       0      20        0.0%
   432 ;;BITSFR20             0      0       0      21        0.0%
   433 ;;SFR20                0      0       0      21        0.0%
   434 ;;BITSFR21             0      0       0      22        0.0%
   435 ;;SFR21                0      0       0      22        0.0%
   436 ;;BITSFR22             0      0       0      23        0.0%
   437 ;;SFR22                0      0       0      23        0.0%
   438 ;;BITSFR23             0      0       0      24        0.0%
   439 ;;SFR23                0      0       0      24        0.0%
   440 ;;BITSFR24             0      0       0      25        0.0%
   441 ;;SFR24                0      0       0      25        0.0%
   442 ;;BITSFR25             0      0       0      26        0.0%
   443 ;;SFR25                0      0       0      26        0.0%
   444 ;;BITSFR26             0      0       0      27        0.0%
   445 ;;SFR26                0      0       0      27        0.0%
   446 ;;BITSFR27             0      0       0      28        0.0%
   447 ;;SFR27                0      0       0      28        0.0%
   448 ;;BITSFR28             0      0       0      29        0.0%
   449 ;;SFR28                0      0       0      29        0.0%
   450 ;;BITSFR29             0      0       0      30        0.0%
   451 ;;SFR29                0      0       0      30        0.0%
   452 ;;BITSFR30             0      0       0      31        0.0%
   453 ;;SFR30                0      0       0      31        0.0%
   454 ;;BITSFR31             0      0       0      32        0.0%
   455 ;;SFR31                0      0       0      32        0.0%
   456                           
   457                           	global	_main
   458                           psect	maintext,global,class=CODE,delta=2
   459                           global __pmaintext
   460  05A5                     __pmaintext:
   461                           
   462 ;; *************** function _main *****************
   463 ;; Defined at:
   464 ;;		line 120 in file "C:\Users\avili_000\Dropbox\rpi yad\carte home automation\pic\appliEdx\main.c"
   465 ;; Parameters:    Size  Location     Type
   466 ;;		None
   467 ;; Auto vars:     Size  Location     Type
   468 ;;  i               4    0        unsigned long 
   469 ;;  reponse         1    1[BANK0 ] unsigned char 
   470 ;;  commande        1    0        unsigned char 
   471 ;; Return value:  Size  Location     Type
   472 ;;		None               void
   473 ;; Registers used:
   474 ;;		wreg, status,2, status,0, pclath, cstack
   475 ;; Tracked objects:
   476 ;;		On entry : 17F/0
   477 ;;		On exit  : 0/0
   478 ;;		Unchanged: 0/0
   479 ;; Data sizes:     COMMON   BANK0   BANK1
   480 ;;      Params:         0       0       0
   481 ;;      Locals:         0       1       0
   482 ;;      Temps:          0       1       0
   483 ;;      Totals:         0       2       0
   484 ;;Total ram usage:        2 bytes
   485 ;; Hardware stack levels required when called:    4
   486 ;; This function calls:
   487 ;;		_litOctetStart
   488 ;;		_ecritOctetStart
   489 ;; This function is called by:
   490 ;;		Startup code after reset
   491 ;; This function uses a non-reentrant model
   492 ;;
   493                           psect	maintext
   494                           	file	"C:\Users\avili_000\Dropbox\rpi yad\carte home automation\pic\appliEdx\main.c"
   495                           	line	120
   496                           	global	__size_of_main
   497  004C                     	__size_of_main	equ	__end_of_main-_main
   498                           	
   499  05A5                     _main:	
   500                           	opt	stack 12
   501                           ; Regs used in _main: [wreg+status,2+status,0+pclath+cstack]
   502                           	line	123
   503                           	
   504  05A5                     l3791:	
   505                           ;main.c: 121: unsigned long i;
   506                           ;main.c: 122: unsigned char commande;
   507                           ;main.c: 123: unsigned char reponse = 'a';
   508  05A5  3061               	movlw	(061h)
   509  05A6  0020               	movlb 0	; select bank0
   510  05A7  00A6               	movwf	(??_main+0)+0
   511  05A8  0826               	movf	(??_main+0)+0,w
   512  05A9  00A7               	movwf	(main@reponse)
   513                           	line	125
   514                           	
   515  05AA                     l3793:	
   516                           ;main.c: 125: cptReboot = 0;
   517  05AA  01F4               	clrf	(_cptReboot)
   518                           	line	129
   519                           	
   520  05AB                     l3795:	
   521                           ;main.c: 129: SSPEN = 0;
   522  05AB  0024               	movlb 4	; select bank4
   523  05AC  1295               	bcf	(4269/8)^0200h,(4269)&7
   524                           	line	130
   525                           	
   526  05AD                     l3797:	
   527                           ;main.c: 130: CREN = 0;
   528  05AD  0023               	movlb 3	; select bank3
   529  05AE  121D               	bcf	(3308/8)^0180h,(3308)&7
   530                           	line	131
   531                           	
   532  05AF                     l3799:	
   533                           ;main.c: 131: TXEN = 0;
   534  05AF  129E               	bcf	(3317/8)^0180h,(3317)&7
   535                           	line	132
   536                           	
   537  05B0                     l3801:	
   538                           ;main.c: 132: BRGH = 0;
   539  05B0  111E               	bcf	(3314/8)^0180h,(3314)&7
   540                           	line	133
   541                           	
   542  05B1                     l3803:	
   543                           ;main.c: 133: BRG16 = 1;
   544  05B1  159F               	bsf	(3323/8)^0180h,(3323)&7
   545                           	line	134
   546                           ;main.c: 134: SPBRGL = 1666 & 0xFF;
   547  05B2  3082               	movlw	(082h)
   548  05B3  009B               	movwf	(411)^0180h	;volatile
   549                           	line	135
   550                           ;main.c: 135: SPBRGH = 1666 >> 8;
   551  05B4  3006               	movlw	(06h)
   552  05B5  009C               	movwf	(412)^0180h	;volatile
   553                           	line	136
   554                           	
   555  05B6                     l3805:	
   556                           ;main.c: 136: SPEN = 1;
   557  05B6  179D               	bsf	(3311/8)^0180h,(3311)&7
   558                           	line	137
   559                           	
   560  05B7                     l3807:	
   561                           ;main.c: 137: CREN = 1;
   562  05B7  161D               	bsf	(3308/8)^0180h,(3308)&7
   563                           	line	138
   564                           	
   565  05B8                     l3809:	
   566                           ;main.c: 138: TXEN = 0;
   567  05B8  129E               	bcf	(3317/8)^0180h,(3317)&7
   568                           	line	140
   569                           	
   570  05B9                     l3811:	
   571                           ;main.c: 140: TXCKSEL = 0;
   572  05B9  0022               	movlb 2	; select bank2
   573  05BA  111D               	bcf	(2282/8)^0100h,(2282)&7
   574                           	line	141
   575                           	
   576  05BB                     l3813:	
   577                           ;main.c: 141: RXDTSEL = 0;
   578  05BB  139D               	bcf	(2287/8)^0100h,(2287)&7
   579                           	line	142
   580                           	
   581  05BC                     l3815:	
   582                           ;main.c: 142: T1GSEL = 1;
   583  05BC  159D               	bsf	(2283/8)^0100h,(2283)&7
   584                           	line	143
   585                           	
   586  05BD                     l3817:	
   587                           ;main.c: 143: SDOSEL = 0;
   588  05BD  131D               	bcf	(2286/8)^0100h,(2286)&7
   589                           	line	144
   590                           	
   591  05BE                     l3819:	
   592                           ;main.c: 144: TRISA0 = 0;
   593  05BE  0021               	movlb 1	; select bank1
   594  05BF  100C               	bcf	(1120/8)^080h,(1120)&7
   595                           	line	145
   596                           	
   597  05C0                     l3821:	
   598                           ;main.c: 145: TRISA5 = 0;
   599  05C0  128C               	bcf	(1125/8)^080h,(1125)&7
   600                           	line	148
   601                           	
   602  05C1                     l3823:	
   603                           ;main.c: 148: TRISA |= (1 << 2);
   604  05C1  150C               	bsf	(140)^080h+(2/8),(2)&7	;volatile
   605                           	line	149
   606                           	
   607  05C2                     l3825:	
   608                           ;main.c: 149: WPUA |= (1 << 2);
   609  05C2  0024               	movlb 4	; select bank4
   610  05C3  150C               	bsf	(524)^0200h+(2/8),(2)&7	;volatile
   611                           	line	151
   612                           	
   613  05C4                     l3827:	
   614                           ;main.c: 151: TRISA |= (1 << 4);
   615  05C4  0021               	movlb 1	; select bank1
   616  05C5  160C               	bsf	(140)^080h+(4/8),(4)&7	;volatile
   617                           	line	152
   618                           	
   619  05C6                     l3829:	
   620                           ;main.c: 152: WPUA |= (1 << 4);
   621  05C6  0024               	movlb 4	; select bank4
   622  05C7  160C               	bsf	(524)^0200h+(4/8),(4)&7	;volatile
   623                           	line	153
   624                           	
   625  05C8                     l3831:	
   626                           ;main.c: 153: OPTION_REG &= 0x7F;
   627  05C8  307F               	movlw	(07Fh)
   628  05C9  0020               	movlb 0	; select bank0
   629  05CA  00A6               	movwf	(??_main+0)+0
   630  05CB  0826               	movf	(??_main+0)+0,w
   631  05CC  0021               	movlb 1	; select bank1
   632  05CD  0595               	andwf	(149)^080h,f	;volatile
   633                           	line	156
   634                           	
   635  05CE                     l3833:	
   636                           ;main.c: 156: IOCAN = 0;
   637  05CE  0027               	movlb 7	; select bank7
   638  05CF  0192               	clrf	(914)^0380h	;volatile
   639                           	line	157
   640                           	
   641  05D0                     l3835:	
   642                           ;main.c: 157: IOCAP = 0;
   643  05D0  0191               	clrf	(913)^0380h	;volatile
   644                           	line	158
   645                           	
   646  05D1                     l3837:	
   647                           ;main.c: 158: IOCAN |= 1 << 2;
   648  05D1  1512               	bsf	(914)^0380h+(2/8),(2)&7	;volatile
   649                           	line	159
   650                           	
   651  05D2                     l3839:	
   652                           ;main.c: 159: IOCAP |= 1 << 2;
   653  05D2  1511               	bsf	(913)^0380h+(2/8),(2)&7	;volatile
   654                           	line	160
   655                           	
   656  05D3                     l3841:	
   657                           ;main.c: 160: IOCAN |= 1 << 4;
   658  05D3  1612               	bsf	(914)^0380h+(4/8),(4)&7	;volatile
   659                           	line	161
   660                           	
   661  05D4                     l3843:	
   662                           ;main.c: 161: IOCAP |= 1 << 4;
   663  05D4  1611               	bsf	(913)^0380h+(4/8),(4)&7	;volatile
   664                           	line	162
   665                           	
   666  05D5                     l3845:	
   667                           ;main.c: 162: IOCIE = 1;
   668  05D5  158B               	bsf	(91/8),(91)&7
   669                           	line	164
   670                           	
   671  05D6                     l3847:	
   672                           ;main.c: 164: received = PORTA;
   673  05D6  0020               	movlb 0	; select bank0
   674  05D7  080C               	movf	(12),w	;volatile
   675  05D8  00A6               	movwf	(??_main+0)+0
   676  05D9  0826               	movf	(??_main+0)+0,w
   677  05DA  00FA               	movwf	(_received)
   678                           	line	165
   679                           	
   680  05DB                     l3849:	
   681                           ;main.c: 165: IOCAF = 0;
   682  05DB  0027               	movlb 7	; select bank7
   683  05DC  0193               	clrf	(915)^0380h	;volatile
   684                           	line	167
   685                           	
   686  05DD                     l3851:	
   687                           ;main.c: 167: RCIE = 1;
   688  05DD  0021               	movlb 1	; select bank1
   689  05DE  1691               	bsf	(1165/8)^080h,(1165)&7
   690                           	line	168
   691                           	
   692  05DF                     l3853:	
   693                           ;main.c: 168: PEIE = 1;
   694  05DF  170B               	bsf	(94/8),(94)&7
   695                           	line	169
   696                           	
   697  05E0                     l3855:	
   698                           ;main.c: 169: GIE = 1;
   699  05E0  178B               	bsf	(95/8),(95)&7
   700                           	line	172
   701                           	
   702  05E1                     l3857:	
   703                           ;main.c: 172: if (litOctetStart() != 'D') {
   704  05E1  3186  2629  3185   	fcall	_litOctetStart
   705  05E4  3A44               	xorlw	044h&0ffh
   706  05E5  1903               	skipnz
   707  05E6  2DE8               	goto	u2481
   708  05E7  2DE9               	goto	u2480
   709  05E8                     u2481:
   710  05E8  2DEF               	goto	l1188
   711  05E9                     u2480:
   712                           	line	173
   713                           	
   714  05E9                     l3859:	
   715                           ;main.c: 173: ecritOctetStart('D');
   716  05E9  3044               	movlw	(044h)
   717  05EA  3186  260D  3185   	fcall	_ecritOctetStart
   718  05ED  2DEF               	goto	l1188
   719                           	line	174
   720                           	
   721  05EE                     l1186:	
   722  05EE  2DEF               	goto	l1188
   723                           	line	176
   724                           ;main.c: 174: }
   725                           ;main.c: 176: while(1) {
   726                           	
   727  05EF                     l1187:	
   728                           	line	177
   729                           	
   730  05EF                     l1188:	
   731                           	line	176
   732  05EF  2DEF               	goto	l1188
   733                           	
   734  05F0                     l1189:	
   735                           	line	178
   736                           	
   737  05F0                     l1190:	
   738                           	global	start
   739  05F0  2DA3               	ljmp	start
   740                           	opt stack 0
   741                           GLOBAL	__end_of_main
   742  05F1                     	__end_of_main:
   743 ;; =============== function _main ends ============
   744                           
   745                           	signat	_main,88
   746                           	global	_litOctetStart
   747                           psect	text242,local,class=CODE,delta=2
   748                           global __ptext242
   749  0629                     __ptext242:
   750                           
   751 ;; *************** function _litOctetStart *****************
   752 ;; Defined at:
   753 ;;		line 101 in file "C:\Users\avili_000\Dropbox\rpi yad\carte home automation\pic\appliEdx\main.c"
   754 ;; Parameters:    Size  Location     Type
   755 ;;		None
   756 ;; Auto vars:     Size  Location     Type
   757 ;;		None
   758 ;; Return value:  Size  Location     Type
   759 ;;                  1    wreg      unsigned char 
   760 ;; Registers used:
   761 ;;		wreg, status,2
   762 ;; Tracked objects:
   763 ;;		On entry : 0/0
   764 ;;		On exit  : 0/0
   765 ;;		Unchanged: 0/0
   766 ;; Data sizes:     COMMON   BANK0   BANK1
   767 ;;      Params:         0       0       0
   768 ;;      Locals:         0       0       0
   769 ;;      Temps:          0       0       0
   770 ;;      Totals:         0       0       0
   771 ;;Total ram usage:        0 bytes
   772 ;; Hardware stack levels used:    1
   773 ;; Hardware stack levels required when called:    3
   774 ;; This function calls:
   775 ;;		Nothing
   776 ;; This function is called by:
   777 ;;		_main
   778 ;; This function uses a non-reentrant model
   779 ;;
   780                           psect	text242
   781                           	file	"C:\Users\avili_000\Dropbox\rpi yad\carte home automation\pic\appliEdx\main.c"
   782                           	line	101
   783                           	global	__size_of_litOctetStart
   784  0008                     	__size_of_litOctetStart	equ	__end_of_litOctetStart-_litOctetStart
   785                           	
   786  0629                     _litOctetStart:	
   787                           	opt	stack 12
   788                           ; Regs used in _litOctetStart: [wreg+status,2]
   789                           	line	102
   790                           	
   791  0629                     l3779:	
   792                           ;main.c: 102: EEADRL = 0;
   793  0629  0023               	movlb 3	; select bank3
   794  062A  0191               	clrf	(401)^0180h	;volatile
   795                           	line	103
   796                           	
   797  062B                     l3781:	
   798                           ;main.c: 103: EEPGD = 0;
   799  062B  1395               	bcf	(3247/8)^0180h,(3247)&7
   800                           	line	104
   801                           	
   802  062C                     l3783:	
   803                           ;main.c: 104: CFGS = 0;
   804  062C  1315               	bcf	(3246/8)^0180h,(3246)&7
   805                           	line	105
   806                           	
   807  062D                     l3785:	
   808                           ;main.c: 105: RD = 1;
   809  062D  1415               	bsf	(3240/8)^0180h,(3240)&7
   810                           	line	106
   811                           	
   812  062E                     l3787:	
   813                           ;main.c: 106: return EEDATL;
   814  062E  0813               	movf	(403)^0180h,w	;volatile
   815  062F  2E30               	goto	l1180
   816                           	
   817  0630                     l3789:	
   818                           	line	107
   819                           	
   820  0630                     l1180:	
   821  0630  0008               	return
   822                           	opt stack 0
   823                           GLOBAL	__end_of_litOctetStart
   824  0631                     	__end_of_litOctetStart:
   825 ;; =============== function _litOctetStart ends ============
   826                           
   827                           	signat	_litOctetStart,89
   828                           	global	_ecritOctetStart
   829                           psect	text243,local,class=CODE,delta=2
   830                           global __ptext243
   831  060D                     __ptext243:
   832                           
   833 ;; *************** function _ecritOctetStart *****************
   834 ;; Defined at:
   835 ;;		line 86 in file "C:\Users\avili_000\Dropbox\rpi yad\carte home automation\pic\appliEdx\main.c"
   836 ;; Parameters:    Size  Location     Type
   837 ;;  valeur          1    wreg     unsigned char 
   838 ;; Auto vars:     Size  Location     Type
   839 ;;  valeur          1    3[COMMON] unsigned char 
   840 ;; Return value:  Size  Location     Type
   841 ;;		None               void
   842 ;; Registers used:
   843 ;;		wreg, status,2
   844 ;; Tracked objects:
   845 ;;		On entry : 0/0
   846 ;;		On exit  : 0/0
   847 ;;		Unchanged: 0/0
   848 ;; Data sizes:     COMMON   BANK0   BANK1
   849 ;;      Params:         0       0       0
   850 ;;      Locals:         1       0       0
   851 ;;      Temps:          0       0       0
   852 ;;      Totals:         1       0       0
   853 ;;Total ram usage:        1 bytes
   854 ;; Hardware stack levels used:    1
   855 ;; Hardware stack levels required when called:    3
   856 ;; This function calls:
   857 ;;		Nothing
   858 ;; This function is called by:
   859 ;;		_main
   860 ;; This function uses a non-reentrant model
   861 ;;
   862                           psect	text243
   863                           	file	"C:\Users\avili_000\Dropbox\rpi yad\carte home automation\pic\appliEdx\main.c"
   864                           	line	86
   865                           	global	__size_of_ecritOctetStart
   866  000E                     	__size_of_ecritOctetStart	equ	__end_of_ecritOctetStart-_ecritOctetStart
   867                           	
   868  060D                     _ecritOctetStart:	
   869                           	opt	stack 12
   870                           ; Regs used in _ecritOctetStart: [wreg+status,2]
   871                           ;ecritOctetStart@valeur stored from wreg
   872  060D  00F9               	movwf	(ecritOctetStart@valeur)
   873                           	line	87
   874                           	
   875  060E                     l3763:	
   876                           ;main.c: 87: EEADRL = 0;
   877  060E  0023               	movlb 3	; select bank3
   878  060F  0191               	clrf	(401)^0180h	;volatile
   879                           	line	88
   880                           	
   881  0610                     l3765:	
   882                           ;main.c: 88: EEDATL = valeur;
   883  0610  0879               	movf	(ecritOctetStart@valeur),w
   884  0611  0093               	movwf	(403)^0180h	;volatile
   885                           	line	90
   886                           	
   887  0612                     l3767:	
   888                           ;main.c: 90: WREN = 1;
   889  0612  1515               	bsf	(3242/8)^0180h,(3242)&7
   890                           	line	92
   891                           	
   892  0613                     l3769:	
   893                           ;main.c: 92: EECON2=0x55;
   894  0613  3055               	movlw	(055h)
   895  0614  0096               	movwf	(406)^0180h	;volatile
   896                           	line	93
   897                           	
   898  0615                     l3771:	
   899                           ;main.c: 93: EECON2=0xAA;
   900  0615  30AA               	movlw	(0AAh)
   901  0616  0096               	movwf	(406)^0180h	;volatile
   902                           	line	94
   903                           	
   904  0617                     l3773:	
   905                           ;main.c: 94: WR = 1;
   906  0617  1495               	bsf	(3241/8)^0180h,(3241)&7
   907                           	line	96
   908                           	
   909  0618                     l3775:	
   910                           # 96 "C:\Users\avili_000\Dropbox\rpi yad\carte home automation\pic\appliEdx\main.c"
   911  0618  0000                 nop ;#
   912                           psect	text243
   913                           	line	97
   914                           	
   915  0619                     l3777:	
   916                           # 97 "C:\Users\avili_000\Dropbox\rpi yad\carte home automation\pic\appliEdx\main.c"
   917  0619  0000                 nop ;#
   918                           psect	text243
   919                           	line	99
   920                           	
   921  061A                     l1177:	
   922  061A  0008               	return
   923                           	opt stack 0
   924                           GLOBAL	__end_of_ecritOctetStart
   925  061B                     	__end_of_ecritOctetStart:
   926 ;; =============== function _ecritOctetStart ends ============
   927                           
   928                           	signat	_ecritOctetStart,4216
   929                           	global	_interruptFct
   930                           psect	intentry,class=CODE,delta=2
   931                           global __pintentry
   932  0504                     __pintentry:
   933                           
   934 ;; *************** function _interruptFct *****************
   935 ;; Defined at:
   936 ;;		line 21 in file "C:\Users\avili_000\Dropbox\rpi yad\carte home automation\pic\appliEdx\main.c"
   937 ;; Parameters:    Size  Location     Type
   938 ;;		None
   939 ;; Auto vars:     Size  Location     Type
   940 ;;		None
   941 ;; Return value:  Size  Location     Type
   942 ;;		None               void
   943 ;; Registers used:
   944 ;;		wreg, fsr1l, fsr1h, status,2, status,0, pclath, cstack
   945 ;; Tracked objects:
   946 ;;		On entry : 0/0
   947 ;;		On exit  : 0/0
   948 ;;		Unchanged: 0/0
   949 ;; Data sizes:     COMMON   BANK0   BANK1
   950 ;;      Params:         0       0       0
   951 ;;      Locals:         0       0       0
   952 ;;      Temps:          2       0       0
   953 ;;      Totals:         2       0       0
   954 ;;Total ram usage:        2 bytes
   955 ;; Hardware stack levels used:    1
   956 ;; Hardware stack levels required when called:    2
   957 ;; This function calls:
   958 ;;		_rebootEnBootloader
   959 ;; This function is called by:
   960 ;;		Interrupt level 1
   961 ;; This function uses a non-reentrant model
   962 ;;
   963                           psect	intentry
   964                           	file	"C:\Users\avili_000\Dropbox\rpi yad\carte home automation\pic\appliEdx\main.c"
   965                           	line	21
   966                           	global	__size_of_interruptFct
   967  009F                     	__size_of_interruptFct	equ	__end_of_interruptFct-_interruptFct
   968                           	
   969  0504                     _interruptFct:	
   970                           	opt	stack 12
   971                           ; Regs used in _interruptFct: [wreg+fsr1l-status,0+pclath+cstack]
   972                           psect	intentry
   973  0504  3185               	pagesel	$
   974  0505  0020               	movlb 0	; select bank0
   975  0506  087F               	movf	btemp+1,w
   976  0507  00F8               	movwf	(??_interruptFct+1)
   977                           	line	23
   978                           	
   979  0508                     i1l3693:	
   980                           ;main.c: 23: LATA5 = ~RA5;
   981  0508  1E8C               	btfss	(101/8),(101)&7
   982  0509  2D0B               	goto	u232_21
   983  050A  2D0E               	goto	u232_20
   984                           	
   985  050B                     u232_21:
   986  050B  0022               	movlb 2	; select bank2
   987  050C  168C               	bsf	(2149/8)^0100h,(2149)&7
   988  050D  2D10               	goto	u233_24
   989  050E                     u232_20:
   990  050E  0022               	movlb 2	; select bank2
   991  050F  128C               	bcf	(2149/8)^0100h,(2149)&7
   992  0510                     u233_24:
   993                           	line	24
   994                           ;main.c: 24: if (RCIF) {
   995  0510  0020               	movlb 0	; select bank0
   996  0511  1E91               	btfss	(141/8),(141)&7
   997  0512  2D14               	goto	u234_21
   998  0513  2D15               	goto	u234_20
   999  0514                     u234_21:
  1000  0514  2D68               	goto	i1l3725
  1001  0515                     u234_20:
  1002                           	line	25
  1003                           	
  1004  0515                     i1l3695:	
  1005                           ;main.c: 25: if (OERR) {
  1006  0515  0023               	movlb 3	; select bank3
  1007  0516  1C9D               	btfss	(3305/8)^0180h,(3305)&7
  1008  0517  2D19               	goto	u235_21
  1009  0518  2D1A               	goto	u235_20
  1010  0519                     u235_21:
  1011  0519  2D21               	goto	i1l3701
  1012  051A                     u235_20:
  1013                           	line	27
  1014                           	
  1015  051A                     i1l3697:	
  1016                           ;main.c: 27: received = RCREG & 0x7F;
  1017  051A  0819               	movf	(409)^0180h,w
  1018  051B  397F               	andlw	07Fh
  1019  051C  00F7               	movwf	(??_interruptFct+0)+0
  1020  051D  0877               	movf	(??_interruptFct+0)+0,w
  1021  051E  00FA               	movwf	(_received)
  1022                           	line	28
  1023                           	
  1024  051F                     i1l3699:	
  1025                           ;main.c: 28: CREN = 0;
  1026  051F  121D               	bcf	(3308/8)^0180h,(3308)&7
  1027  0520  2D21               	goto	i1l3701
  1028                           	line	29
  1029                           	
  1030  0521                     i1l1156:	
  1031                           	line	30
  1032                           	
  1033  0521                     i1l3701:	
  1034                           ;main.c: 29: }
  1035                           ;main.c: 30: if (!FERR) {
  1036  0521  191D               	btfsc	(3306/8)^0180h,(3306)&7
  1037  0522  2D24               	goto	u236_21
  1038  0523  2D25               	goto	u236_20
  1039  0524                     u236_21:
  1040  0524  2D61               	goto	i1l3723
  1041  0525                     u236_20:
  1042                           	line	32
  1043                           	
  1044  0525                     i1l3703:	
  1045                           ;main.c: 32: received = RCREG & 0x7F;
  1046  0525  0819               	movf	(409)^0180h,w
  1047  0526  397F               	andlw	07Fh
  1048  0527  00F7               	movwf	(??_interruptFct+0)+0
  1049  0528  0877               	movf	(??_interruptFct+0)+0,w
  1050  0529  00FA               	movwf	(_received)
  1051                           	line	34
  1052                           	
  1053  052A                     i1l3705:	
  1054                           ;main.c: 34: if (received == 0x41) {
  1055  052A  087A               	movf	(_received),w
  1056  052B  3A41               	xorlw	041h&0ffh
  1057  052C  1D03               	skipz
  1058  052D  2D2F               	goto	u237_21
  1059  052E  2D30               	goto	u237_20
  1060  052F                     u237_21:
  1061  052F  2D32               	goto	i1l3709
  1062  0530                     u237_20:
  1063                           	line	35
  1064                           	
  1065  0530                     i1l3707:	
  1066                           ;main.c: 35: voieActive = 0;
  1067  0530  01F5               	clrf	(_voieActive)
  1068  0531  2D32               	goto	i1l3709
  1069                           	line	36
  1070                           	
  1071  0532                     i1l1158:	
  1072                           	line	38
  1073                           	
  1074  0532                     i1l3709:	
  1075                           ;main.c: 36: }
  1076                           ;main.c: 38: if (received == 0x42) {
  1077  0532  087A               	movf	(_received),w
  1078  0533  3A42               	xorlw	042h&0ffh
  1079  0534  1D03               	skipz
  1080  0535  2D37               	goto	u238_21
  1081  0536  2D38               	goto	u238_20
  1082  0537                     u238_21:
  1083  0537  2D3C               	goto	i1l3713
  1084  0538                     u238_20:
  1085                           	line	39
  1086                           	
  1087  0538                     i1l3711:	
  1088                           ;main.c: 39: voieActive = 1;
  1089  0538  01F5               	clrf	(_voieActive)
  1090  0539  1403               	bsf	status,0
  1091  053A  0DF5               	rlf	(_voieActive),f
  1092  053B  2D3C               	goto	i1l3713
  1093                           	line	40
  1094                           	
  1095  053C                     i1l1159:	
  1096                           	line	43
  1097                           	
  1098  053C                     i1l3713:	
  1099                           ;main.c: 40: }
  1100                           ;main.c: 43: if (cptReboot < 5) {
  1101  053C  3005               	movlw	(05h)
  1102  053D  0274               	subwf	(_cptReboot),w
  1103  053E  1803               	skipnc
  1104  053F  2D41               	goto	u239_21
  1105  0540  2D42               	goto	u239_20
  1106  0541                     u239_21:
  1107  0541  2D5E               	goto	i1l1160
  1108  0542                     u239_20:
  1109                           	line	44
  1110                           	
  1111  0542                     i1l3715:	
  1112                           ;main.c: 44: if (received == cmd_reboot[cptReboot]) {
  1113  0542  0874               	movf	(_cptReboot),w
  1114  0543  3E20               	addlw	_cmd_reboot&0ffh
  1115  0544  0086               	movwf	fsr1l
  1116  0545  0187               	clrf fsr1h	
  1117                           	
  1118  0546  0801               	movf	indf1,w
  1119  0547  067A               	xorwf	(_received),w
  1120  0548  1D03               	skipz
  1121  0549  2D4B               	goto	u240_21
  1122  054A  2D4C               	goto	u240_20
  1123  054B                     u240_21:
  1124  054B  2D51               	goto	i1l1161
  1125  054C                     u240_20:
  1126                           	line	45
  1127                           	
  1128  054C                     i1l3717:	
  1129                           ;main.c: 45: cptReboot++;
  1130  054C  3001               	movlw	(01h)
  1131  054D  00F7               	movwf	(??_interruptFct+0)+0
  1132  054E  0877               	movf	(??_interruptFct+0)+0,w
  1133  054F  07F4               	addwf	(_cptReboot),f
  1134                           	line	46
  1135                           ;main.c: 46: } else {
  1136  0550  2D53               	goto	i1l3719
  1137                           	
  1138  0551                     i1l1161:	
  1139                           	line	47
  1140                           ;main.c: 47: cptReboot = 0;
  1141  0551  01F4               	clrf	(_cptReboot)
  1142  0552  2D53               	goto	i1l3719
  1143                           	line	48
  1144                           	
  1145  0553                     i1l1162:	
  1146                           	line	49
  1147                           	
  1148  0553                     i1l3719:	
  1149                           ;main.c: 48: }
  1150                           ;main.c: 49: if (cptReboot >= 3) {
  1151  0553  3003               	movlw	(03h)
  1152  0554  0274               	subwf	(_cptReboot),w
  1153  0555  1C03               	skipc
  1154  0556  2D58               	goto	u241_21
  1155  0557  2D59               	goto	u241_20
  1156  0558                     u241_21:
  1157  0558  2D68               	goto	i1l3725
  1158  0559                     u241_20:
  1159                           	line	50
  1160                           	
  1161  0559                     i1l3721:	
  1162                           ;main.c: 50: rebootEnBootloader();
  1163  0559  3186  2631  3185   	fcall	_rebootEnBootloader
  1164  055C  2D68               	goto	i1l3725
  1165                           	line	51
  1166                           	
  1167  055D                     i1l1163:	
  1168                           	line	52
  1169                           ;main.c: 51: }
  1170                           ;main.c: 52: } else {
  1171  055D  2D68               	goto	i1l3725
  1172                           	
  1173  055E                     i1l1160:	
  1174                           	line	53
  1175                           ;main.c: 53: cptReboot = 0;
  1176  055E  01F4               	clrf	(_cptReboot)
  1177  055F  2D68               	goto	i1l3725
  1178                           	line	54
  1179                           	
  1180  0560                     i1l1164:	
  1181                           	line	55
  1182                           ;main.c: 54: }
  1183                           ;main.c: 55: } else {
  1184  0560  2D68               	goto	i1l3725
  1185                           	
  1186  0561                     i1l1157:	
  1187                           	line	56
  1188                           	
  1189  0561                     i1l3723:	
  1190                           ;main.c: 56: received = RCREG & 0x7F;
  1191  0561  0819               	movf	(409)^0180h,w
  1192  0562  397F               	andlw	07Fh
  1193  0563  00F7               	movwf	(??_interruptFct+0)+0
  1194  0564  0877               	movf	(??_interruptFct+0)+0,w
  1195  0565  00FA               	movwf	(_received)
  1196  0566  2D68               	goto	i1l3725
  1197                           	line	57
  1198                           	
  1199  0567                     i1l1165:	
  1200  0567  2D68               	goto	i1l3725
  1201                           	line	58
  1202                           	
  1203  0568                     i1l1155:	
  1204                           	line	60
  1205                           	
  1206  0568                     i1l3725:	
  1207                           ;main.c: 57: }
  1208                           ;main.c: 58: }
  1209                           ;main.c: 60: if (IOCAF4) {
  1210  0568  0027               	movlb 7	; select bank7
  1211  0569  1E13               	btfss	(7324/8)^0380h,(7324)&7
  1212  056A  2D6C               	goto	u242_21
  1213  056B  2D6D               	goto	u242_20
  1214  056C                     u242_21:
  1215  056C  2D84               	goto	i1l1166
  1216  056D                     u242_20:
  1217                           	line	61
  1218                           	
  1219  056D                     i1l3727:	
  1220                           ;main.c: 61: received = PORTA;
  1221  056D  0020               	movlb 0	; select bank0
  1222  056E  080C               	movf	(12),w	;volatile
  1223  056F  00F7               	movwf	(??_interruptFct+0)+0
  1224  0570  0877               	movf	(??_interruptFct+0)+0,w
  1225  0571  00FA               	movwf	(_received)
  1226                           	line	62
  1227                           ;main.c: 62: if (voieActive == 1) {
  1228  0572  0875               	movf	(_voieActive),w
  1229  0573  3A01               	xorlw	01h&0ffh
  1230  0574  1D03               	skipz
  1231  0575  2D77               	goto	u243_21
  1232  0576  2D78               	goto	u243_20
  1233  0577                     u243_21:
  1234  0577  2D82               	goto	i1l1167
  1235  0578                     u243_20:
  1236                           	line	63
  1237                           	
  1238  0578                     i1l3729:	
  1239                           ;main.c: 63: if (RA4) {
  1240  0578  1E0C               	btfss	(100/8),(100)&7
  1241  0579  2D7B               	goto	u244_21
  1242  057A  2D7C               	goto	u244_20
  1243  057B                     u244_21:
  1244  057B  2D7F               	goto	i1l1168
  1245  057C                     u244_20:
  1246                           	line	64
  1247                           	
  1248  057C                     i1l3731:	
  1249                           ;main.c: 64: LATA0 = 1;
  1250  057C  0022               	movlb 2	; select bank2
  1251  057D  140C               	bsf	(2144/8)^0100h,(2144)&7
  1252                           	line	65
  1253                           ;main.c: 65: } else {
  1254  057E  2D82               	goto	i1l1167
  1255                           	
  1256  057F                     i1l1168:	
  1257                           	line	66
  1258                           ;main.c: 66: LATA0 = 0;
  1259  057F  0022               	movlb 2	; select bank2
  1260  0580  100C               	bcf	(2144/8)^0100h,(2144)&7
  1261  0581  2D82               	goto	i1l1167
  1262                           	line	67
  1263                           	
  1264  0582                     i1l1169:	
  1265                           	line	68
  1266                           	
  1267  0582                     i1l1167:	
  1268                           	line	69
  1269                           ;main.c: 67: }
  1270                           ;main.c: 68: }
  1271                           ;main.c: 69: IOCAF4 = 0;
  1272  0582  0027               	movlb 7	; select bank7
  1273  0583  1213               	bcf	(7324/8)^0380h,(7324)&7
  1274                           	line	70
  1275                           	
  1276  0584                     i1l1166:	
  1277                           	line	72
  1278                           ;main.c: 70: }
  1279                           ;main.c: 72: if (IOCAF2) {
  1280  0584  1D13               	btfss	(7322/8)^0380h,(7322)&7
  1281  0585  2D87               	goto	u245_21
  1282  0586  2D88               	goto	u245_20
  1283  0587                     u245_21:
  1284  0587  2D9F               	goto	i1l1174
  1285  0588                     u245_20:
  1286                           	line	73
  1287                           	
  1288  0588                     i1l3733:	
  1289                           ;main.c: 73: received = PORTA;
  1290  0588  0020               	movlb 0	; select bank0
  1291  0589  080C               	movf	(12),w	;volatile
  1292  058A  00F7               	movwf	(??_interruptFct+0)+0
  1293  058B  0877               	movf	(??_interruptFct+0)+0,w
  1294  058C  00FA               	movwf	(_received)
  1295                           	line	74
  1296                           	
  1297  058D                     i1l3735:	
  1298                           ;main.c: 74: if (voieActive == 0) {
  1299  058D  08F5               	movf	(_voieActive),f
  1300  058E  1D03               	skipz
  1301  058F  2D91               	goto	u246_21
  1302  0590  2D92               	goto	u246_20
  1303  0591                     u246_21:
  1304  0591  2D9C               	goto	i1l1171
  1305  0592                     u246_20:
  1306                           	line	75
  1307                           	
  1308  0592                     i1l3737:	
  1309                           ;main.c: 75: if (RA2) {
  1310  0592  1D0C               	btfss	(98/8),(98)&7
  1311  0593  2D95               	goto	u247_21
  1312  0594  2D96               	goto	u247_20
  1313  0595                     u247_21:
  1314  0595  2D99               	goto	i1l1172
  1315  0596                     u247_20:
  1316                           	line	76
  1317                           	
  1318  0596                     i1l3739:	
  1319                           ;main.c: 76: LATA0 = 1;
  1320  0596  0022               	movlb 2	; select bank2
  1321  0597  140C               	bsf	(2144/8)^0100h,(2144)&7
  1322                           	line	77
  1323                           ;main.c: 77: } else {
  1324  0598  2D9C               	goto	i1l1171
  1325                           	
  1326  0599                     i1l1172:	
  1327                           	line	78
  1328                           ;main.c: 78: LATA0 = 0;
  1329  0599  0022               	movlb 2	; select bank2
  1330  059A  100C               	bcf	(2144/8)^0100h,(2144)&7
  1331  059B  2D9C               	goto	i1l1171
  1332                           	line	79
  1333                           	
  1334  059C                     i1l1173:	
  1335                           	line	80
  1336                           	
  1337  059C                     i1l1171:	
  1338                           	line	81
  1339                           ;main.c: 79: }
  1340                           ;main.c: 80: }
  1341                           ;main.c: 81: IOCAF2 = 0;
  1342  059C  0027               	movlb 7	; select bank7
  1343  059D  1113               	bcf	(7322/8)^0380h,(7322)&7
  1344  059E  2D9F               	goto	i1l1174
  1345                           	line	82
  1346                           	
  1347  059F                     i1l1170:	
  1348                           	line	84
  1349                           	
  1350  059F                     i1l1174:	
  1351  059F  0878               	movf	(??_interruptFct+1),w
  1352  05A0  0020               	movlb 0	; select bank0
  1353  05A1  00FF               	movwf	btemp+1
  1354  05A2  0009               	retfie
  1355                           	opt stack 0
  1356                           GLOBAL	__end_of_interruptFct
  1357  05A3                     	__end_of_interruptFct:
  1358 ;; =============== function _interruptFct ends ============
  1359                           
  1360                           	signat	_interruptFct,88
  1361                           	global	_rebootEnBootloader
  1362                           psect	text245,local,class=CODE,delta=2
  1363                           global __ptext245
  1364  0631                     __ptext245:
  1365                           
  1366 ;; *************** function _rebootEnBootloader *****************
  1367 ;; Defined at:
  1368 ;;		line 110 in file "C:\Users\avili_000\Dropbox\rpi yad\carte home automation\pic\appliEdx\main.c"
  1369 ;; Parameters:    Size  Location     Type
  1370 ;;		None
  1371 ;; Auto vars:     Size  Location     Type
  1372 ;;		None
  1373 ;; Return value:  Size  Location     Type
  1374 ;;		None               void
  1375 ;; Registers used:
  1376 ;;		wreg, status,2, status,0, pclath, cstack
  1377 ;; Tracked objects:
  1378 ;;		On entry : 0/0
  1379 ;;		On exit  : 0/0
  1380 ;;		Unchanged: 0/0
  1381 ;; Data sizes:     COMMON   BANK0   BANK1
  1382 ;;      Params:         0       0       0
  1383 ;;      Locals:         0       0       0
  1384 ;;      Temps:          0       0       0
  1385 ;;      Totals:         0       0       0
  1386 ;;Total ram usage:        0 bytes
  1387 ;; Hardware stack levels used:    1
  1388 ;; Hardware stack levels required when called:    1
  1389 ;; This function calls:
  1390 ;;		i1_ecritOctetStart
  1391 ;; This function is called by:
  1392 ;;		_interruptFct
  1393 ;; This function uses a non-reentrant model
  1394 ;;
  1395                           psect	text245
  1396                           	file	"C:\Users\avili_000\Dropbox\rpi yad\carte home automation\pic\appliEdx\main.c"
  1397                           	line	110
  1398                           	global	__size_of_rebootEnBootloader
  1399  0008                     	__size_of_rebootEnBootloader	equ	__end_of_rebootEnBootloader-_rebootEnBootloader
  1400                           	
  1401  0631                     _rebootEnBootloader:	
  1402                           	opt	stack 12
  1403                           ; Regs used in _rebootEnBootloader: [wreg+status,2+status,0+pclath+cstack]
  1404                           	line	111
  1405                           	
  1406  0631                     i1l3741:	
  1407                           ;main.c: 111: GIE = 0;
  1408  0631  138B               	bcf	(95/8),(95)&7
  1409                           	line	112
  1410                           ;main.c: 112: PEIE = 0;
  1411  0632  130B               	bcf	(94/8),(94)&7
  1412                           	line	114
  1413                           	
  1414  0633                     i1l3743:	
  1415                           ;main.c: 114: ecritOctetStart('V');
  1416  0633  3056               	movlw	(056h)
  1417  0634  3186  261B  3186   	fcall	i1_ecritOctetStart
  1418                           	line	116
  1419                           	
  1420  0637                     i1l3745:	
  1421                           # 116 "C:\Users\avili_000\Dropbox\rpi yad\carte home automation\pic\appliEdx\main.c"
  1422  0637  2800                 goto 0 ;#
  1423                           psect	text245
  1424                           	line	118
  1425                           	
  1426  0638                     i1l1183:	
  1427  0638  0008               	return
  1428                           	opt stack 0
  1429                           GLOBAL	__end_of_rebootEnBootloader
  1430  0639                     	__end_of_rebootEnBootloader:
  1431 ;; =============== function _rebootEnBootloader ends ============
  1432                           
  1433                           	signat	_rebootEnBootloader,88
  1434                           	global	i1_ecritOctetStart
  1435                           psect	text246,local,class=CODE,delta=2
  1436                           global __ptext246
  1437  061B                     __ptext246:
  1438                           
  1439 ;; *************** function i1_ecritOctetStart *****************
  1440 ;; Defined at:
  1441 ;;		line 86 in file "C:\Users\avili_000\Dropbox\rpi yad\carte home automation\pic\appliEdx\main.c"
  1442 ;; Parameters:    Size  Location     Type
  1443 ;;  ecritOctetSt    1    wreg     unsigned char 
  1444 ;; Auto vars:     Size  Location     Type
  1445 ;;  ecritOctetSt    1    0[COMMON] unsigned char 
  1446 ;; Return value:  Size  Location     Type
  1447 ;;		None               void
  1448 ;; Registers used:
  1449 ;;		wreg, status,2
  1450 ;; Tracked objects:
  1451 ;;		On entry : 0/0
  1452 ;;		On exit  : 0/0
  1453 ;;		Unchanged: 0/0
  1454 ;; Data sizes:     COMMON   BANK0   BANK1
  1455 ;;      Params:         0       0       0
  1456 ;;      Locals:         1       0       0
  1457 ;;      Temps:          0       0       0
  1458 ;;      Totals:         1       0       0
  1459 ;;Total ram usage:        1 bytes
  1460 ;; Hardware stack levels used:    1
  1461 ;; This function calls:
  1462 ;;		Nothing
  1463 ;; This function is called by:
  1464 ;;		_rebootEnBootloader
  1465 ;; This function uses a non-reentrant model
  1466 ;;
  1467                           psect	text246
  1468                           	file	"C:\Users\avili_000\Dropbox\rpi yad\carte home automation\pic\appliEdx\main.c"
  1469                           	line	86
  1470                           	global	__size_ofi1_ecritOctetStart
  1471  000E                     	__size_ofi1_ecritOctetStart	equ	__end_ofi1_ecritOctetStart-i1_ecritOctetStart
  1472                           	
  1473  061B                     i1_ecritOctetStart:	
  1474                           	opt	stack 12
  1475                           ; Regs used in i1_ecritOctetStart: [wreg+status,2]
  1476                           ;i1ecritOctetStart@valeur stored from wreg
  1477  061B  00F6               	movwf	(i1ecritOctetStart@valeur)
  1478                           	line	87
  1479                           	
  1480  061C                     i1l3747:	
  1481                           ;main.c: 87: EEADRL = 0;
  1482  061C  0023               	movlb 3	; select bank3
  1483  061D  0191               	clrf	(401)^0180h	;volatile
  1484                           	line	88
  1485                           	
  1486  061E                     i1l3749:	
  1487                           ;main.c: 88: EEDATL = valeur;
  1488  061E  0876               	movf	(i1ecritOctetStart@valeur),w
  1489  061F  0093               	movwf	(403)^0180h	;volatile
  1490                           	line	90
  1491                           	
  1492  0620                     i1l3751:	
  1493                           ;main.c: 90: WREN = 1;
  1494  0620  1515               	bsf	(3242/8)^0180h,(3242)&7
  1495                           	line	92
  1496                           	
  1497  0621                     i1l3753:	
  1498                           ;main.c: 92: EECON2=0x55;
  1499  0621  3055               	movlw	(055h)
  1500  0622  0096               	movwf	(406)^0180h	;volatile
  1501                           	line	93
  1502                           	
  1503  0623                     i1l3755:	
  1504                           ;main.c: 93: EECON2=0xAA;
  1505  0623  30AA               	movlw	(0AAh)
  1506  0624  0096               	movwf	(406)^0180h	;volatile
  1507                           	line	94
  1508                           	
  1509  0625                     i1l3757:	
  1510                           ;main.c: 94: WR = 1;
  1511  0625  1495               	bsf	(3241/8)^0180h,(3241)&7
  1512                           	line	96
  1513                           	
  1514  0626                     i1l3759:	
  1515                           # 96 "C:\Users\avili_000\Dropbox\rpi yad\carte home automation\pic\appliEdx\main.c"
  1516  0626  0000                 nop ;#
  1517                           psect	text246
  1518                           	line	97
  1519                           	
  1520  0627                     i1l3761:	
  1521                           # 97 "C:\Users\avili_000\Dropbox\rpi yad\carte home automation\pic\appliEdx\main.c"
  1522  0627  0000                 nop ;#
  1523                           psect	text246
  1524                           	line	99
  1525                           	
  1526  0628                     i1l1177:	
  1527  0628  0008               	return
  1528                           	opt stack 0
  1529                           GLOBAL	__end_ofi1_ecritOctetStart
  1530  0629                     	__end_ofi1_ecritOctetStart:
  1531 ;; =============== function i1_ecritOctetStart ends ============
  1532                           
  1533                           	signat	i1_ecritOctetStart,88
  1534                           psect	text247,local,class=CODE,delta=2
  1535                           global __ptext247
  1536  0000                     __ptext247:
  1537                           	global	btemp
  1538  007E                     	btemp set 07Eh
  1539                           
  1540                           	DABS	1,126,2	;btemp
  1541                           	global	wtemp0
  1542  007E                     	wtemp0 set btemp


HI-TECH Software PICC Macro Assembler V9.83 build 10920 
Symbol Table                                                                                   Tue Apr 02 23:47:41 2013

            _ecritOctetStart 060D                           _RD 0CA8                           _WR 0CA9  
                        _GIE 005F                          _RA2 0062                          _RA4 0064  
                        _RA5 0065                         l1180 0630                         l1190 05F0  
                       l1177 061A                         l1186 05EE                         l1187 05EF  
                       l1188 05EF                         l1189 05F0                         l3801 05B0  
                       l3811 05B9                         l3803 05B1                         l3821 05C0  
                       l3813 05BB                         l3805 05B6                         l3831 05C8  
                       l3823 05C1                         l3815 05BC                         l3807 05B7  
                       l3841 05D3                         l3833 05CE                         l3825 05C2  
                       l3817 05BD                         l3809 05B8                         l3771 0615  
                       l3763 060E                         l3851 05DD                         l3843 05D4  
                       l3835 05D0                         l3827 05C4                         l3819 05BE  
                       l3773 0617                         l3765 0610                         l3781 062B  
                       l3853 05DF                         l3845 05D5                         l3837 05D1  
                       l3829 05C6                         l3775 0618                         l3767 0612  
                       l3783 062C                         l3855 05E0                         l3847 05D6  
                       l3839 05D2                         l3791 05A5                         l3777 0619  
                       l3769 0613                         l3785 062D                         l3857 05E1  
                       l3849 05DB                         l3793 05AA                         l3787 062E  
                       l3779 0629                         l3859 05E9                         l3795 05AB  
                       l3789 0630                         l3797 05AD                         l3799 05AF  
                       _CFGS 0CAE                         _BRGH 0CF2                         _CREN 0CEC  
                       _FERR 0CEA                         u2480 05E9                         u2481 05E8  
                       _PEIE 005E                         _RCIE 048D                         _RCIF 008D  
                       _OERR 0CE9                         _SPEN 0CEF                         _WREN 0CAA  
                       _TXEN 0CF5                         _WPUA 020C                         _main 05A5  
                main@reponse 0027                         fsr0h 0005                         fsr1h 0007  
                       fsr0l 0004                         indf1 0001                         fsr1l 0006  
                       btemp 007E                         start 05A3                        ?_main 0076  
                      _EEADR 0191                        _BRG16 0CFB                        _CARRY 0018  
                      _EEPGD 0CAF                        _LATA0 0860                        _LATA5 0865  
                      _IOCAF 0393                        _IOCAN 0392                        _IOCAP 0391  
                      _IOCIE 005B                        _RCREG 0199                        _PORTA 000C  
                      _TRISA 008C                        _SSPEN 10AD                        status 0003  
                      wtemp0 007E      __end_of_ecritOctetStart 061B                 __end_of_main 05F1  
     __size_of_litOctetStart 0008                       ??_main 0026                       _EEADRL 0191  
                     _EEDATA 0193                       _EEDATL 0193                       _EECON1 0195  
                     _EECON2 0196                       _IOCAF2 1C9A                       _T1GSEL 08EB  
                     _IOCAF4 1C9C                       i1l1160 055E                       i1l1161 0551  
                     i1l1170 059F                       i1l1162 0553                       i1l1171 059C  
                     i1l1155 0568                       i1l1163 055D                       i1l1172 0599  
                     i1l1164 0560                       i1l1156 0521                       i1l1173 059C  
                     i1l1165 0567                       i1l1157 0561                       i1l1174 059F  
                     i1l1166 0584                       i1l1158 0532                       i1l1183 0638  
                     i1l1167 0582                       i1l1159 053C                       i1l1168 057F  
                     i1l1177 0628                       i1l1169 0582                       i1l3701 0521  
                     i1l3711 0538                       i1l3703 0525                       i1l3721 0559  
                     i1l3713 053C                       i1l3705 052A                       i1l3731 057C  
                     i1l3715 0542                       i1l3707 0530                       i1l3723 0561  
                     i1l3741 0631                       i1l3733 0588                       i1l3717 054C  
                     i1l3709 0532                       i1l3725 0568                       i1l3751 0620  
                     i1l3743 0633                       i1l3735 058D                       i1l3727 056D  
                     i1l3719 0553                       i1l3761 0627                       i1l3753 0621  
                     i1l3745 0637                       i1l3737 0592                       i1l3729 0578  
                     i1l3755 0623                       i1l3747 061C                       i1l3739 0596  
                     i1l3757 0625                       i1l3749 061E                       i1l3693 0508  
                     i1l3759 0626                       i1l3695 0515                       i1l3697 051A  
                     i1l3699 051F                       u240_20 054C                       u232_20 050E  
                     u240_21 054B                       u232_21 050B                       u241_20 0559  
                     u241_21 0558                       u233_24 0510                       u242_20 056D  
                     u234_20 0515                       u242_21 056C                       u234_21 0514  
                     u243_20 0578                       u235_20 051A                       u243_21 0577  
                     u235_21 0519                       u244_20 057C                       u236_20 0525  
                     u244_21 057B                       u236_21 0524                       u245_20 0588  
                     u237_20 0530                       u245_21 0587                       u237_21 052F  
                     u246_20 0592                       u238_20 0538                       u246_21 0591  
                     u238_21 0537                       u247_20 0596                       u239_20 0542  
                     u247_21 0595                       u239_21 0541                       _SDOSEL 08EE  
                     _SPBRGH 019C                       _SPBRGL 019B                       _TRISA0 0460  
                     _TRISA5 0465  __size_of_rebootEnBootloader 0008                 __pdataCOMMON 007A  
              _litOctetStart 0629             ?_ecritOctetStart 0076               __pcstackCOMMON 0076  
              ?_interruptFct 0076                 __pidataBANK0 0639               ?_litOctetStart 0076  
             ??_interruptFct 0077                   __pmaintext 05A5                   _cmd_reboot 0020  
                 __pintentry 0504                      _RXDTSEL 08EF                      _TXCKSEL 08EA  
    i1ecritOctetStart@valeur 0076              ??_litOctetStart 0079         end_of_initialization 060B  
                 _voieActive 0075         __end_of_interruptFct 05A3        ecritOctetStart@valeur 0079  
 __end_of_rebootEnBootloader 0639                __pidataCOMMON 063F          start_initialization 05F1  
          i1_ecritOctetStart 061B           ?i1_ecritOctetStart 0076                  __pdataBANK0 0020  
   __size_of_ecritOctetStart 000E          ??i1_ecritOctetStart 0076                  __pbssCOMMON 0070  
              __pcstackBANK0 0026    __end_ofi1_ecritOctetStart 0629                    __ptext242 0629  
                  __ptext243 060D                    __ptext245 0631                    __ptext246 061B  
                  __ptext247 0000                    _cptReboot 0074        __size_of_interruptFct 009F  
               _interruptFct 0504            ??_ecritOctetStart 0079        __end_of_litOctetStart 0631  
 __size_ofi1_ecritOctetStart 000E           _rebootEnBootloader 0631                     _compteur 0070  
        ?_rebootEnBootloader 0076                __size_of_main 004C                     _received 007A  
       ??_rebootEnBootloader 0077                     intlevel1 0000                   _OPTION_REG 0095  
